---
source: crates/cli/tests/golden.rs
expression: out
---
Certificate 1 (leaf)
[rfc5280]
  (7 passed, 9 not applicable)
[cabf_br]
  (12 passed, 0 not applicable)
[hygiene]
  (3 passed, 1 not applicable)
OK: no findings

Certificate 2
[rfc5280]
  (8 passed, 8 not applicable)
[hygiene]
  (3 passed, 1 not applicable)
OK: no findings
summary: no findings
