---
source: crates/cli/tests/golden.rs
expression: value
---
[
  {
    "applicability": "applies",
    "findings": [],
    "lint_id": "hygiene_not_expired",
    "source": "hygiene"
  },
  {
    "applicability": "applies",
    "findings": [],
    "lint_id": "hygiene_no_sha1_signature",
    "source": "hygiene"
  },
  {
    "applicability": "applies",
    "findings": [],
    "lint_id": "hygiene_rsa_key_min_2048",
    "source": "hygiene"
  },
  {
    "applicability": "not_applicable",
    "findings": [],
    "lint_id": "hygiene_ecdsa_curve_allowlist",
    "source": "hygiene"
  },
  {
    "applicability": "applies",
    "findings": [],
    "lint_id": "rfc5280_version_is_v3",
    "source": "rfc5280"
  },
  {
    "applicability": "applies",
    "findings": [],
    "lint_id": "rfc5280_serial_number_positive",
    "source": "rfc5280"
  },
  {
    "applicability": "applies",
    "findings": [],
    "lint_id": "rfc5280_validity_not_after_after_not_before",
    "source": "rfc5280"
  },
  {
    "applicability": "not_applicable",
    "findings": [],
    "lint_id": "rfc5280_basic_constraints_critical_on_ca",
    "source": "rfc5280"
  },
  {
    "applicability": "not_applicable",
    "findings": [],
    "lint_id": "rfc5280_key_usage_present_when_ca",
    "source": "rfc5280"
  },
  {
    "applicability": "not_applicable",
    "findings": [],
    "lint_id": "rfc5280_san_present_if_subject_empty",
    "source": "rfc5280"
  },
  {
    "applicability": "not_applicable",
    "findings": [],
    "lint_id": "rfc5280_ca_subject_field_empty",
    "source": "rfc5280"
  },
  {
    "applicability": "applies",
    "findings": [],
    "lint_id": "rfc5280_ext_key_usage_without_bits",
    "source": "rfc5280"
  },
  {
    "applicability": "not_applicable",
    "findings": [],
    "lint_id": "rfc5280_ext_authority_key_identifier_no_key_identifier",
    "source": "rfc5280"
  },
  {
    "applicability": "not_applicable",
    "findings": [],
    "lint_id": "rfc5280_ext_subject_key_identifier_missing_ca",
    "source": "rfc5280"
  },
  {
    "applicability": "applies",
    "findings": [],
    "lint_id": "rfc5280_ext_subject_key_identifier_missing_sub_cert",
    "source": "rfc5280"
  },
  {
    "applicability": "not_applicable",
    "findings": [],
    "lint_id": "rfc5280_path_len_constraint_improperly_included",
    "source": "rfc5280"
  },
  {
    "applicability": "not_applicable",
    "findings": [],
    "lint_id": "rfc5280_ext_name_constraints_not_critical",
    "source": "rfc5280"
  },
  {
    "applicability": "not_applicable",
    "findings": [],
    "lint_id": "rfc5280_subject_dn_country_not_printable_string",
    "source": "rfc5280"
  },
  {
    "applicability": "applies",
    "findings": [],
    "lint_id": "rfc5280_ext_san_no_entries",
    "source": "rfc5280"
  },
  {
    "applicability": "applies",
    "findings": [],
    "lint_id": "rfc5280_utc_time_not_in_zulu",
    "source": "rfc5280"
  },
  {
    "applicability": "not_applicable",
    "findings": [],
    "lint_id": "pqc_algorithm_known",
    "source": "pqc"
  },
  {
    "applicability": "not_applicable",
    "findings": [],
    "lint_id": "pqc_spki_parameters_absent",
    "source": "pqc"
  },
  {
    "applicability": "not_applicable",
    "findings": [],
    "lint_id": "pqc_signature_parameters_absent",
    "source": "pqc"
  },
  {
    "applicability": "not_applicable",
    "findings": [],
    "lint_id": "pqc_public_key_length",
    "source": "pqc"
  },
  {
    "applicability": "not_applicable",
    "findings": [],
    "lint_id": "pqc_key_usage_consistency",
    "source": "pqc"
  },
  {
    "applicability": "not_applicable",
    "findings": [],
    "lint_id": "pqc_mlkem_algorithm_known",
    "source": "pqc"
  },
  {
    "applicability": "not_applicable",
    "findings": [],
    "lint_id": "pqc_mlkem_spki_parameters_absent",
    "source": "pqc"
  },
  {
    "applicability": "not_applicable",
    "findings": [],
    "lint_id": "pqc_mlkem_public_key_length",
    "source": "pqc"
  },
  {
    "applicability": "not_applicable",
    "findings": [],
    "lint_id": "pqc_mlkem_key_usage_consistency",
    "source": "pqc"
  },
  {
    "applicability": "applies",
    "findings": [],
    "lint_id": "cabf_br_validity_max_398_days",
    "source": "cabf_br"
  },
  {
    "applicability": "applies",
    "findings": [],
    "lint_id": "cabf_br_cn_in_san",
    "source": "cabf_br"
  },
  {
    "applicability": "applies",
    "findings": [],
    "lint_id": "cabf_br_no_internal_names_or_reserved_ip",
    "source": "cabf_br"
  },
  {
    "applicability": "applies",
    "findings": [],
    "lint_id": "cabf_br_ext_key_usage_server_auth_present",
    "source": "cabf_br"
  },
  {
    "applicability": "applies",
    "findings": [],
    "lint_id": "cabf_br_dnsname_underscore_in_sld",
    "source": "cabf_br"
  },
  {
    "applicability": "applies",
    "findings": [],
    "lint_id": "cabf_br_dnsname_bad_character_in_label",
    "source": "cabf_br"
  },
  {
    "applicability": "applies",
    "findings": [],
    "lint_id": "cabf_br_dnsname_label_too_long",
    "source": "cabf_br"
  },
  {
    "applicability": "applies",
    "findings": [],
    "lint_id": "cabf_br_dnsname_wildcard_left_of_public_suffix",
    "source": "cabf_br"
  },
  {
    "applicability": "applies",
    "findings": [],
    "lint_id": "cabf_br_organizational_unit_name_prohibited",
    "source": "cabf_br"
  },
  {
    "applicability": "applies",
    "findings": [],
    "lint_id": "cabf_br_subject_contains_reserved_ip",
    "source": "cabf_br"
  },
  {
    "applicability": "applies",
    "findings": [],
    "lint_id": "cabf_br_extra_subject_common_names",
    "source": "cabf_br"
  },
  {
    "applicability": "applies",
    "findings": [],
    "lint_id": "cabf_br_subject_country_not_iso",
    "source": "cabf_br"
  },
  {
    "applicability": "applies",
    "findings": [],
    "lint_id": "cabf_br_subscriber_key_usage_cert_sign_prohibited",
    "source": "cabf_br"
  },
  {
    "applicability": "applies",
    "findings": [],
    "lint_id": "cabf_br_subscriber_key_usage_crl_sign_prohibited",
    "source": "cabf_br"
  },
  {
    "applicability": "applies",
    "findings": [],
    "lint_id": "cabf_br_subscriber_basic_constraints_path_len_prohibited",
    "source": "cabf_br"
  },
  {
    "applicability": "applies",
    "findings": [],
    "lint_id": "cabf_br_ext_key_usage_any_prohibited",
    "source": "cabf_br"
  },
  {
    "applicability": "applies",
    "findings": [],
    "lint_id": "cabf_br_ext_key_usage_server_auth_required",
    "source": "cabf_br"
  },
  {
    "applicability": "applies",
    "findings": [],
    "lint_id": "cabf_br_san_dns_or_ip_only",
    "source": "cabf_br"
  },
  {
    "applicability": "applies",
    "findings": [],
    "lint_id": "cabf_br_san_present",
    "source": "cabf_br"
  },
  {
    "applicability": "applies",
    "findings": [],
    "lint_id": "cabf_br_certificate_policies_present",
    "source": "cabf_br"
  },
  {
    "applicability": "applies",
    "findings": [],
    "lint_id": "cabf_br_certificate_policies_reserved_oid",
    "source": "cabf_br"
  },
  {
    "applicability": "applies",
    "findings": [],
    "lint_id": "cabf_br_rsa_modulus_bits_multiple_of_8",
    "source": "cabf_br"
  },
  {
    "applicability": "applies",
    "findings": [],
    "lint_id": "cabf_br_rsa_public_exponent_in_range",
    "source": "cabf_br"
  },
  {
    "applicability": "applies",
    "findings": [],
    "lint_id": "cabf_br_basic_constraints_present",
    "source": "cabf_br"
  },
  {
    "applicability": "not_applicable",
    "findings": [],
    "lint_id": "cabf_ev_organization_name_missing",
    "source": "cabf_ev"
  },
  {
    "applicability": "not_applicable",
    "findings": [],
    "lint_id": "cabf_ev_business_category_missing",
    "source": "cabf_ev"
  },
  {
    "applicability": "not_applicable",
    "findings": [],
    "lint_id": "cabf_ev_business_category_invalid",
    "source": "cabf_ev"
  },
  {
    "applicability": "not_applicable",
    "findings": [],
    "lint_id": "cabf_ev_jurisdiction_country_missing",
    "source": "cabf_ev"
  },
  {
    "applicability": "not_applicable",
    "findings": [],
    "lint_id": "cabf_ev_serial_number_missing",
    "source": "cabf_ev"
  },
  {
    "applicability": "not_applicable",
    "findings": [],
    "lint_id": "cabf_ev_not_wildcard",
    "source": "cabf_ev"
  },
  {
    "applicability": "not_applicable",
    "findings": [],
    "lint_id": "cabf_ev_san_no_ip_address",
    "source": "cabf_ev"
  },
  {
    "applicability": "not_applicable",
    "findings": [],
    "lint_id": "cabf_ev_validity_max_398_days",
    "source": "cabf_ev"
  },
  {
    "applicability": "not_applicable",
    "findings": [],
    "lint_id": "cabf_ev_organization_id_present",
    "source": "cabf_ev"
  }
]
