---
source: crates/cli/tests/inspect.rs
expression: "value[\"summary\"]"
---
{
  "authority_key_id": null,
  "basic_constraints": {
    "ca": false,
    "critical": false,
    "path_len": null
  },
  "extended_key_usage": {
    "critical": false,
    "purposes": [
      "serverAuth"
    ]
  },
  "issuer": "CN=good.example.com",
  "key_usage": null,
  "public_key": {
    "algorithm": {
      "name": "rsaEncryption",
      "oid": "1.2.840.113549.1.1.1"
    },
    "curve": null,
    "key_bits": 2048
  },
  "serial": "11",
  "signature_algorithm": {
    "name": "sha256WithRSAEncryption",
    "oid": "1.2.840.113549.1.1.11"
  },
  "subject": "CN=good.example.com",
  "subject_alt_name": {
    "critical": false,
    "entries": [
      {
        "kind": "DNS",
        "value": "good.example.com"
      }
    ]
  },
  "subject_key_id": "80:31:B9:6A:1E:A6:B8:88:63:FC:6C:BF:58:97:4F:67:6D:CD:E0:83",
  "validity": {
    "not_after": "Jun  1 00:00:00 2027 +00:00",
    "not_before": "Jun  1 00:00:00 2026 +00:00"
  },
  "version": "v3"
}
