---
source: crates/cli/tests/inspect.rs
expression: out
---
Certificate 1 (leaf)
Certificate Summary
  Version:             v3
  Serial:              65
  Subject:             CN=chain-leaf.example.com
  Issuer:              CN=chain-leaf.example.com
  Not Before:          Jun  1 00:00:00 2026 +00:00
  Not After:           Jun  1 00:00:00 2027 +00:00
  Signature Algorithm: sha256WithRSAEncryption (1.2.840.113549.1.1.11)
  Public Key:          rsaEncryption (1.2.840.113549.1.1.1), 2048 bits
  Basic Constraints:   CA:false (not critical)
  Key Usage:           (not present)
  Extended Key Usage:  serverAuth (not critical)
  Subject Key Id:      2E:77:A6:45:4F:44:B8:80:60:A1:24:E6:62:9E:E5:82:D8:E6:BF:17
  Authority Key Id:    (not present)
  Subject Alt Name:    DNS:chain-leaf.example.com (not critical)

Certificate 2
Certificate Summary
  Version:             v3
  Serial:              64
  Subject:             CN=Chain Test Root CA
  Issuer:              CN=Chain Test Root CA
  Not Before:          Jan  1 00:00:00 2026 +00:00
  Not After:           Jan  1 00:00:00 2036 +00:00
  Signature Algorithm: sha256WithRSAEncryption (1.2.840.113549.1.1.11)
  Public Key:          rsaEncryption (1.2.840.113549.1.1.1), 2048 bits
  Basic Constraints:   CA:true (critical)
  Key Usage:           Certificate Sign, CRL Sign (critical)
  Extended Key Usage:  (not present)
  Subject Key Id:      7A:D0:6E:50:00:3B:D3:AE:C0:17:53:66:8C:EB:0D:EE:14:BF:65:70
  Authority Key Id:    (not present)
  Subject Alt Name:    (not present)

Certificate 1 (leaf)
[rfc5280]
  (7 passed, 9 not applicable)
[pqc]
  (0 passed, 9 not applicable)
[cabf_br]
  warn [cabf_br_certificate_policies_present] certificate has no CertificatePolicies extension; CA/Browser Forum BR §7.1.2.7.9 requires it in a subscriber TLS certificate
  (23 passed, 0 not applicable)
[cabf_ev]
  (0 passed, 9 not applicable)
[hygiene]
  (3 passed, 1 not applicable)

Certificate 2
[rfc5280]
  (8 passed, 8 not applicable)
[pqc]
  (0 passed, 9 not applicable)
[hygiene]
  (3 passed, 1 not applicable)
OK: no findings
summary: 1 warn

Chain checks:
(whole chain)
  error [chain_subject_issuer_dn_match] certificate 2 (CN=Chain Test Root CA) does not link into the presented chain (unlinkable / extra certificate)
