---
source: crates/cli/tests/inspect.rs
assertion_line: 112
expression: out
---
Certificate Summary
  Version:             v3
  Serial:              11
  Subject:             CN=good.example.com
  Issuer:              CN=good.example.com
  Not Before:          Jun  1 00:00:00 2026 +00:00
  Not After:           Jun  1 00:00:00 2027 +00:00
  Signature Algorithm: sha256WithRSAEncryption (1.2.840.113549.1.1.11)
  Public Key:          rsaEncryption (1.2.840.113549.1.1.1), 2048 bits
  Basic Constraints:   CA:false (not critical)
  Key Usage:           (not present)
  Subject Key Id:      1D:33:53:BC:F1:E7:31:96:F9:67:D2:FC:72:0A:F0:96:7D:2F:4C:13
  Authority Key Id:    (not present)
  Subject Alt Name:    DNS:good.example.com (not critical)

[rfc5280]
  (7 passed, 9 not applicable)
[pqc]
  (0 passed, 9 not applicable)
[cabf_br]
  (12 passed, 0 not applicable)
[cabf_ev]
  (0 passed, 9 not applicable)
[hygiene]
  (3 passed, 1 not applicable)
OK: no findings
summary: no findings
